asset_ref,taxonomy,lon,lat,no_damage,ds1,ds2,ds3,ds4
a3,"tax1",-122.57000,38.11300,9.99564E-01,1.59325E-04,-8.19298E-04,-1.85073E-03,2.94721E-03
a2,"tax2",-122.11400,38.11300,9.90421E-01,5.03021E-03,3.21821E-03,1.00895E-03,3.22017E-04
a5,"tax1",-122.00000,37.91000,9.99052E-01,5.94204E-04,-7.96997E-04,-1.85565E-03,3.00626E-03
a4,"tax3",-122.00000,38.00000,9.94725E-01,1.96067E-03,2.42916E-03,6.06562E-04,2.78928E-04
a1,"tax1",-122.00000,38.11300,9.85988E-01,1.03771E-02,3.37712E-04,-1.73380E-03,5.03073E-03
a6,"tax2",-122.00000,38.22500,9.92326E-01,3.20510E-03,2.61385E-03,1.17694E-03,6.78005E-04
a7,"tax1",-121.88600,38.11300,9.97984E-01,1.49335E-03,-7.46078E-04,-1.86490E-03,3.13320E-03
