asset_ref,taxonomy,lon,lat,no_damage,ds1,ds2,ds3,ds4
a3,"tax1",-122.57000,38.11300,9.99563E-01,1.59405E-04,-8.19299E-04,-1.85074E-03,2.94722E-03
a2,"tax2",-122.11400,38.11300,9.92474E-01,4.13525E-03,2.49514E-03,7.08180E-04,1.87564E-04
a5,"tax1",-122.00000,37.91000,9.99396E-01,3.04142E-04,-8.13465E-04,-1.85301E-03,2.96615E-03
a4,"tax3",-122.00000,38.00000,9.97660E-01,9.73832E-04,1.10597E-03,1.92680E-04,6.71886E-05
a1,"tax1",-122.00000,38.11300,9.88724E-01,8.82218E-03,-1.00763E-04,-1.85399E-03,4.40881E-03
a6,"tax2",-122.00000,38.22500,9.94396E-01,2.54229E-03,1.91756E-03,7.72429E-04,3.71676E-04
a7,"tax1",-121.88600,38.11300,9.99113E-01,5.51240E-04,-8.05632E-04,-1.85848E-03,2.99954E-03
