asset_ref,taxonomy,lon,lat,no_damage,ds1,ds2,ds3,ds4
a3,"tax1",-122.57000,38.11300,9.99887E-01,8.94573E-05,-3.23830E-05,-8.10796E-05,1.37194E-04
a2,"tax2",-122.11400,38.11300,9.95644E-01,1.84482E-03,1.47714E-03,6.56544E-04,3.77549E-04
a5,"tax1",-122.00000,37.91000,9.98197E-01,1.32032E-03,1.40198E-04,-5.66598E-05,3.99242E-04
a4,"tax3",-122.00000,38.00000,9.95649E-01,1.57107E-03,1.98337E-03,5.37305E-04,2.59669E-04
a1,"tax1",-122.00000,38.11300,9.90827E-01,6.70770E-03,8.68977E-04,4.41666E-05,1.55231E-03
a6,"tax2",-122.00000,38.22500,9.93354E-01,2.79995E-03,2.29668E-03,1.01410E-03,5.34811E-04
a7,"tax1",-121.88600,38.11300,9.97385E-01,1.76517E-03,2.77740E-04,-1.86599E-05,5.91039E-04
