asset_ref,taxonomy,lon,lat,no_damage,ds1,ds2,ds3,ds4
a3,"tax1",-122.57000,38.11300,9.99564E-01,1.59325E-04,-8.19298E-04,-1.85073E-03,2.94721E-03
a2,"tax2",-122.11400,38.11300,9.94200E-01,2.92017E-03,1.97120E-03,6.69160E-04,2.39248E-04
a5,"tax1",-122.00000,37.91000,9.99052E-01,5.94204E-04,-7.96997E-04,-1.85565E-03,3.00626E-03
a4,"tax3",-122.00000,38.00000,9.94725E-01,1.96067E-03,2.42916E-03,6.06562E-04,2.78928E-04
a1,"tax1",-122.00000,38.11300,9.66398E-01,2.66596E-02,1.39154E-03,-1.84757E-03,7.39831E-03
a6,"tax2",-122.00000,38.22500,9.92952E-01,2.84436E-03,2.41170E-03,1.12564E-03,6.66690E-04
a7,"tax1",-121.88600,38.11300,9.98089E-01,1.40060E-03,-7.47745E-04,-1.86185E-03,3.11991E-03
