asset_ref,taxonomy,lon,lat,no_damage,ds1,ds2,ds3,ds4
a3,"tax1",-122.57000,38.11300,9.99861E-01,1.09376E-04,-3.00707E-05,-8.08155E-05,1.40453E-04
a2,"tax2",-122.11400,38.11300,9.96090E-01,1.74212E-03,1.32288E-03,5.48859E-04,2.95772E-04
a5,"tax1",-122.00000,37.91000,9.98208E-01,1.21331E-03,1.70671E-04,-3.89405E-05,4.46718E-04
a4,"tax3",-122.00000,38.00000,9.95819E-01,1.51014E-03,1.89008E-03,5.14831E-04,2.65973E-04
a1,"tax1",-122.00000,38.11300,9.91164E-01,6.43925E-03,8.32963E-04,4.32672E-05,1.52024E-03
a6,"tax2",-122.00000,38.22500,9.93747E-01,2.67365E-03,2.15495E-03,9.35216E-04,4.88891E-04
a7,"tax1",-121.88600,38.11300,9.97867E-01,1.44048E-03,2.08540E-04,-3.07040E-05,5.14531E-04
