asset_ref,taxonomy,lon,lat,no_damage,ds1,ds2,ds3,ds4
a3,"tax1",-122.57000,38.11300,9.99887E-01,8.93773E-05,-3.23828E-05,-8.10740E-05,1.37177E-04
a2,"tax2",-122.11400,38.11300,9.93584E-01,2.74532E-03,2.20128E-03,9.57284E-04,5.11975E-04
a5,"tax1",-122.00000,37.91000,9.97853E-01,1.60998E-03,1.56627E-04,-5.93834E-05,4.39464E-04
a4,"tax3",-122.00000,38.00000,9.92719E-01,2.55474E-03,3.30413E-03,9.50892E-04,4.71367E-04
a1,"tax1",-122.00000,38.11300,9.88086E-01,8.26847E-03,1.30673E-03,1.63281E-04,2.17601E-03
a6,"tax2",-122.00000,38.22500,9.91287E-01,3.46169E-03,2.99216E-03,1.41837E-03,8.41091E-04
a7,"tax1",-121.88600,38.11300,9.96258E-01,2.70542E-03,3.37126E-04,-2.53324E-05,7.25023E-04
