asset_ref,taxonomy,lon,lat,no_damage,ds1,ds2,ds3,ds4
a3,"tax1",-122.57000,38.11300,9.99563E-01,1.59405E-04,-8.19299E-04,-1.85074E-03,2.94722E-03
a2,"tax2",-122.11400,38.11300,9.96261E-01,2.01932E-03,1.24637E-03,3.68212E-04,1.04785E-04
a5,"tax1",-122.00000,37.91000,9.99396E-01,3.04142E-04,-8.13465E-04,-1.85301E-03,2.96615E-03
a4,"tax3",-122.00000,38.00000,9.97660E-01,9.73832E-04,1.10597E-03,1.92680E-04,6.71886E-05
a1,"tax1",-122.00000,38.11300,9.69079E-01,2.51551E-02,9.55309E-04,-1.96756E-03,6.77787E-03
a6,"tax2",-122.00000,38.22500,9.95023E-01,2.18063E-03,1.71508E-03,7.21089E-04,3.60357E-04
a7,"tax1",-121.88600,38.11300,9.99218E-01,4.58368E-04,-8.07300E-04,-1.85543E-03,2.98625E-03
