loss_type,unit,mean,stddev
structural,USD,5.809197E+02,3.595568E+02
