asset_ref,taxonomy,lon,lat,structural~mean,structural~stddev
a1,"RM",81.29850,29.10980,1.39968E+02,5.68871E+01
a2,"RC",83.08230,27.90060,1.95622E+02,2.32165E+02
a4,"W",85.74700,27.90000,0.00000E+00,0.00000E+00
a3,"W",85.74770,27.90150,2.45330E+02,2.63158E+02
