asset_ref,taxonomy,lon,lat,no_damage,slight,moderate,extreme,complete
a3,"Concrete",-122.57000,38.11300,9.13763E-01,4.60985E-02,2.96821E-02,7.90075E-03,2.55575E-03
a2,"Wood",-122.11400,38.11300,1.49958E-01,9.62199E-02,1.90981E-01,1.88316E-01,3.74525E-01
a5,"Steel",-122.00000,37.91000,8.12758E-01,1.15774E-01,4.59818E-02,1.91702E-02,6.31626E-03
a4,"Concrete",-122.00000,38.00000,1.28949E-01,1.07185E-01,2.22474E-01,2.13395E-01,3.27997E-01
a1,"Wood",-122.00000,38.11300,6.22923E-02,3.93323E-02,9.57110E-02,1.30613E-01,6.72052E-01
a7,"Steel",-121.88600,38.11300,6.89619E-01,1.80969E-01,8.06555E-02,3.58494E-02,1.29070E-02
