========= ======== ===== ====== ============ =========== ===================== =========== ============= =========== ===========
asset_ref taxonomy state cresta lon          lat         business_interruption contents    nonstructural occupants   structural 
========= ======== ===== ====== ============ =========== ===================== =========== ============= =========== ===========
a1        "tax1"   "01"  "0.11" -1.22000E+02 3.81130E+01 7.07043E+02           4.55855E+03 6.21996E+03   1.41409E-02 1.83666E+03
a2        "tax2"   "01"  "0.12" -1.22114E+02 3.81130E+01 4.76687E+02           6.65351E+03 8.74398E+03   9.53374E-03 5.01440E+02
a3        "tax1"   "02"  "0.21" -1.22570E+02 3.81130E+01 2.28042E+02           1.31555E+03 1.97333E+03   4.56085E-03 4.92185E+02
a4        "tax3"   "02"  "0.22" -1.22000E+02 3.80000E+01 4.18661E+02           1.50951E+03 4.82800E+03   8.37322E-03 1.49850E+02
a5        "tax1"   "02"  "0.23" -1.22000E+02 3.79100E+01 3.15416E+02           1.71229E+03 2.56844E+03   6.30831E-03 2.75479E+02
a6        "tax2"   "03"  "0.31" -1.22000E+02 3.82250E+01 5.22234E+02           8.16796E+03 1.33686E+04   1.04447E-02 7.34311E+02
a7        "tax1"   "03"  "0.32" -1.21886E+02 3.81130E+01 5.31941E+02           3.06404E+03 4.55626E+03   1.06388E-02 7.22949E+02
========= ======== ===== ====== ============ =========== ===================== =========== ============= =========== ===========