asset_ref,taxonomy,state,cresta,lon,lat,business_interruption,contents,nonstructural,occupants,structural,business_interruption_ins,contents_ins,nonstructural_ins,occupants_ins,structural_ins
a3,"tax1","02","0.21",-122.57000,38.11300,1.10039E+02,5.67009E+02,8.50514E+02,2.20077E-03,0.00000E+00,3.50000E+00,3.50000E+00,3.50000E+00,0.00000E+00,0.00000E+00
a2,"tax2","01","0.12",-122.11400,38.11300,1.83263E+02,3.60120E+03,4.67913E+03,3.66526E-03,0.00000E+00,3.50000E+00,3.50000E+00,3.50000E+00,0.00000E+00,0.00000E+00
a5,"tax1","02","0.23",-122.00000,37.91000,1.42286E+02,7.90227E+02,1.18534E+03,2.84572E-03,0.00000E+00,3.50000E+00,3.50000E+00,3.50000E+00,0.00000E+00,0.00000E+00
a4,"tax3","02","0.22",-122.00000,38.00000,1.47160E+02,5.61391E+02,1.64300E+03,2.94321E-03,0.00000E+00,3.50000E+00,3.50000E+00,3.50000E+00,0.00000E+00,0.00000E+00
a1,"tax1","01","0.11",-122.00000,38.11300,2.67750E+02,1.61072E+03,2.41607E+03,5.35501E-03,1.24155E+02,3.50000E+00,3.50000E+00,3.50000E+00,0.00000E+00,2.33333E+00
a6,"tax2","03","0.31",-122.00000,38.22500,2.32383E+02,3.44135E+03,4.44704E+03,4.64766E-03,5.65419E+01,3.50000E+00,3.50000E+00,3.50000E+00,0.00000E+00,1.55556E+00
a7,"tax1","03","0.32",-121.88600,38.11300,2.08937E+02,1.24102E+03,1.86153E+03,4.17874E-03,0.00000E+00,3.50000E+00,3.50000E+00,3.50000E+00,0.00000E+00,0.00000E+00
