asset_ref,taxonomy,state,cresta,lon,lat,business_interruption~poe-0.02,business_interruption~poe-0.1,contents~poe-0.02,contents~poe-0.1,nonstructural~poe-0.02,nonstructural~poe-0.1,occupants~poe-0.02,occupants~poe-0.1,structural~poe-0.02,structural~poe-0.1,business_interruption_ins~poe-0.02,business_interruption_ins~poe-0.1,contents_ins~poe-0.02,contents_ins~poe-0.1,nonstructural_ins~poe-0.02,nonstructural_ins~poe-0.1,occupants_ins~poe-0.02,occupants_ins~poe-0.1,structural_ins~poe-0.02,structural_ins~poe-0.1
a3,"tax1","02","0.21",-122.57000,38.11300,4.09920E+01,4.09920E+01,2.40007E+02,2.40007E+02,3.60011E+02,3.60011E+02,8.19839E-04,8.19839E-04,1.11764E+02,1.11764E+02,7.00000E-01,7.00000E-01,7.00000E-01,7.00000E-01,7.00000E-01,7.00000E-01,0.00000E+00,0.00000E+00,7.00000E-01,7.00000E-01
a2,"tax2","01","0.12",-122.11400,38.11300,3.10677E+01,3.10677E+01,4.15609E+02,4.15609E+02,6.23413E+02,6.23413E+02,6.21354E-04,6.21354E-04,0.00000E+00,0.00000E+00,7.00000E-01,7.00000E-01,7.00000E-01,7.00000E-01,7.00000E-01,7.00000E-01,0.00000E+00,0.00000E+00,0.00000E+00,0.00000E+00
a5,"tax1","02","0.23",-122.00000,37.91000,2.35684E+01,2.35684E+01,1.25154E+02,1.25154E+02,1.87732E+02,1.87732E+02,4.71369E-04,4.71369E-04,0.00000E+00,0.00000E+00,7.00000E-01,7.00000E-01,7.00000E-01,7.00000E-01,7.00000E-01,7.00000E-01,0.00000E+00,0.00000E+00,0.00000E+00,0.00000E+00
a4,"tax3","02","0.22",-122.00000,38.00000,2.82720E+01,2.82720E+01,2.12278E+02,2.12278E+02,4.10185E+02,4.10185E+02,5.65440E-04,5.65440E-04,0.00000E+00,0.00000E+00,7.00000E-01,7.00000E-01,7.00000E-01,7.00000E-01,7.00000E-01,7.00000E-01,0.00000E+00,0.00000E+00,0.00000E+00,0.00000E+00
a1,"tax1","01","0.11",-122.00000,38.11300,6.99622E+01,6.99622E+01,4.34629E+02,4.34629E+02,6.51943E+02,6.51943E+02,1.39924E-03,1.39924E-03,2.59096E+02,2.59096E+02,7.00000E-01,7.00000E-01,7.00000E-01,7.00000E-01,7.00000E-01,7.00000E-01,0.00000E+00,0.00000E+00,7.00000E-01,7.00000E-01
a6,"tax2","03","0.31",-122.00000,38.22500,6.23591E+01,6.23591E+01,8.14558E+02,8.14558E+02,1.01204E+03,1.01204E+03,1.24718E-03,1.24718E-03,1.38588E+02,1.38588E+02,7.00000E-01,7.00000E-01,7.00000E-01,7.00000E-01,7.00000E-01,7.00000E-01,0.00000E+00,0.00000E+00,7.00000E-01,7.00000E-01
a7,"tax1","03","0.32",-121.88600,38.11300,3.47018E+01,3.47018E+01,2.00813E+02,2.00813E+02,3.01219E+02,3.01219E+02,6.94036E-04,6.94036E-04,0.00000E+00,0.00000E+00,7.00000E-01,7.00000E-01,7.00000E-01,7.00000E-01,7.00000E-01,7.00000E-01,0.00000E+00,0.00000E+00,0.00000E+00,0.00000E+00
