asset_ref,taxonomy,state,cresta,lon,lat,business_interruption~poe-0.02,business_interruption~poe-0.1,contents~poe-0.02,contents~poe-0.1,nonstructural~poe-0.02,nonstructural~poe-0.1,occupants~poe-0.02,occupants~poe-0.1,structural~poe-0.02,structural~poe-0.1,business_interruption_ins~poe-0.02,business_interruption_ins~poe-0.1,contents_ins~poe-0.02,contents_ins~poe-0.1,nonstructural_ins~poe-0.02,nonstructural_ins~poe-0.1,occupants_ins~poe-0.02,occupants_ins~poe-0.1,structural_ins~poe-0.02,structural_ins~poe-0.1
a3,"tax1","02","0.21",-122.57000,38.11300,2.34673E+01,2.33457E+01,1.22622E+02,1.21735E+02,1.83933E+02,1.82603E+02,4.69346E-04,4.66914E-04,0.00000E+00,0.00000E+00,7.00000E-01,7.00000E-01,7.00000E-01,7.00000E-01,7.00000E-01,7.00000E-01,0.00000E+00,0.00000E+00,0.00000E+00,0.00000E+00
a2,"tax2","01","0.12",-122.11400,38.11300,4.02226E+01,4.02124E+01,3.56337E+02,3.54338E+02,5.34505E+02,5.31507E+02,8.04452E-04,8.04249E-04,1.02976E+02,1.02956E+02,7.00000E-01,7.00000E-01,7.00000E-01,7.00000E-01,7.00000E-01,7.00000E-01,0.00000E+00,0.00000E+00,7.00000E-01,7.00000E-01
a5,"tax1","02","0.23",-122.00000,37.91000,2.56964E+01,2.55755E+01,1.37877E+02,1.37014E+02,2.06815E+02,2.05521E+02,5.13928E-04,5.11511E-04,0.00000E+00,0.00000E+00,7.00000E-01,7.00000E-01,7.00000E-01,7.00000E-01,7.00000E-01,7.00000E-01,0.00000E+00,0.00000E+00,0.00000E+00,0.00000E+00
a4,"tax3","02","0.22",-122.00000,38.00000,3.14074E+01,3.13521E+01,1.29580E+02,1.29274E+02,4.79054E+02,4.77941E+02,6.28148E-04,6.27041E-04,0.00000E+00,0.00000E+00,7.00000E-01,7.00000E-01,7.00000E-01,7.00000E-01,7.00000E-01,7.00000E-01,0.00000E+00,0.00000E+00,0.00000E+00,0.00000E+00
a1,"tax1","01","0.11",-122.00000,38.11300,4.95045E+01,4.88929E+01,2.98813E+02,2.94549E+02,4.48219E+02,4.41824E+02,9.90089E-04,9.77857E-04,1.62009E+02,1.58589E+02,7.00000E-01,7.00000E-01,7.00000E-01,7.00000E-01,7.00000E-01,7.00000E-01,0.00000E+00,0.00000E+00,7.00000E-01,7.00000E-01
a6,"tax2","03","0.31",-122.00000,38.22500,4.15975E+01,4.11968E+01,3.94635E+02,3.92647E+02,5.91953E+02,5.88971E+02,8.31949E-04,8.23936E-04,1.05061E+02,1.04442E+02,7.00000E-01,7.00000E-01,7.00000E-01,7.00000E-01,7.00000E-01,7.00000E-01,0.00000E+00,0.00000E+00,7.00000E-01,7.00000E-01
a7,"tax1","03","0.32",-121.88600,38.11300,3.45685E+01,3.45393E+01,1.98783E+02,1.98337E+02,2.98174E+02,2.97505E+02,6.91370E-04,6.90786E-04,0.00000E+00,0.00000E+00,7.00000E-01,7.00000E-01,7.00000E-01,7.00000E-01,7.00000E-01,7.00000E-01,0.00000E+00,0.00000E+00,0.00000E+00,0.00000E+00
