asset_ref,taxonomy,state,cresta,lon,lat,business_interruption~poe-0.02,business_interruption~poe-0.1,contents~poe-0.02,contents~poe-0.1,nonstructural~poe-0.02,nonstructural~poe-0.1,occupants~poe-0.02,occupants~poe-0.1,structural~poe-0.02,structural~poe-0.1,business_interruption_ins~poe-0.02,business_interruption_ins~poe-0.1,contents_ins~poe-0.02,contents_ins~poe-0.1,nonstructural_ins~poe-0.02,nonstructural_ins~poe-0.1,occupants_ins~poe-0.02,occupants_ins~poe-0.1,structural_ins~poe-0.02,structural_ins~poe-0.1
a3,"tax1","02","0.21",-122.57000,38.11300,5.84967E+01,5.84967E+01,3.53058E+02,3.53058E+02,5.29587E+02,5.29587E+02,1.16993E-03,1.16993E-03,1.80109E+02,1.80109E+02,7.00000E-01,7.00000E-01,7.00000E-01,7.00000E-01,7.00000E-01,7.00000E-01,0.00000E+00,0.00000E+00,7.00000E-01,7.00000E-01
a2,"tax2","01","0.12",-122.11400,38.11300,4.23619E+01,4.23619E+01,1.19571E+03,1.19571E+03,1.41982E+03,1.41982E+03,8.47237E-04,8.47237E-04,1.05642E+02,1.05642E+02,7.00000E-01,7.00000E-01,7.00000E-01,7.00000E-01,7.00000E-01,7.00000E-01,0.00000E+00,0.00000E+00,7.00000E-01,7.00000E-01
a5,"tax1","02","0.23",-122.00000,37.91000,3.80379E+01,3.80379E+01,2.23402E+02,2.23402E+02,3.35103E+02,3.35103E+02,7.60757E-04,7.60757E-04,1.10192E+02,1.10192E+02,7.00000E-01,7.00000E-01,7.00000E-01,7.00000E-01,7.00000E-01,7.00000E-01,0.00000E+00,0.00000E+00,7.00000E-01,7.00000E-01
a4,"tax3","02","0.22",-122.00000,38.00000,2.96505E+01,2.96505E+01,1.12278E+02,1.12278E+02,3.28599E+02,3.28599E+02,5.93010E-04,5.93010E-04,0.00000E+00,0.00000E+00,7.00000E-01,7.00000E-01,7.00000E-01,7.00000E-01,7.00000E-01,7.00000E-01,0.00000E+00,0.00000E+00,0.00000E+00,0.00000E+00
a1,"tax1","01","0.11",-122.00000,38.11300,5.35501E+01,5.35501E+01,3.22143E+02,3.22143E+02,4.83215E+02,4.83215E+02,1.07100E-03,1.07100E-03,1.65540E+02,1.65540E+02,7.00000E-01,7.00000E-01,7.00000E-01,7.00000E-01,7.00000E-01,7.00000E-01,0.00000E+00,0.00000E+00,7.00000E-01,7.00000E-01
a6,"tax2","03","0.31",-122.00000,38.22500,4.64766E+01,4.64766E+01,6.88270E+02,6.88270E+02,8.89408E+02,8.89408E+02,9.29532E-04,9.29532E-04,1.13084E+02,1.13084E+02,7.00000E-01,7.00000E-01,7.00000E-01,7.00000E-01,7.00000E-01,7.00000E-01,0.00000E+00,0.00000E+00,7.00000E-01,7.00000E-01
a7,"tax1","03","0.32",-121.88600,38.11300,4.94760E+01,4.94760E+01,2.95946E+02,2.95946E+02,4.43919E+02,4.43919E+02,9.89521E-04,9.89521E-04,1.50125E+02,1.50125E+02,7.00000E-01,7.00000E-01,7.00000E-01,7.00000E-01,7.00000E-01,7.00000E-01,0.00000E+00,0.00000E+00,7.00000E-01,7.00000E-01
