asset_ref,taxonomy,lon,lat,no_damage,slight,moderate,extreme,complete
a3,"Concrete",-122.57000,38.11300,7.53031E-01,1.33978E-01,8.69599E-02,2.07772E-02,5.25367E-03
a2,"Wood",-122.11400,38.11300,1.62517E-01,9.68418E-02,1.88462E-01,1.84015E-01,3.68164E-01
a5,"Steel",-122.00000,37.91000,6.12683E-01,2.22915E-01,9.99713E-02,4.40501E-02,2.03804E-02
a4,"Concrete",-122.00000,38.00000,1.16204E-01,1.10113E-01,2.28394E-01,2.16314E-01,3.28975E-01
a1,"Wood",-122.00000,38.11300,6.38117E-02,3.94136E-02,9.55402E-02,1.30179E-01,6.71056E-01
a7,"Steel",-121.88600,38.11300,4.68977E-01,2.68544E-01,1.48356E-01,7.42872E-02,3.98363E-02
