asset_ref,taxonomy,lon,lat,structural
a6,"MC-RLSB-2",-78.16800,15.59329,2.38646E+01
a7,"MS-SLSB-1",-78.16812,15.59329,2.01863E-01
