loss_type,unit,mean,stddev
occupants,people,2.395963E+00,3.789153E-01
