asset_ref,taxonomy,lon,lat,occupants~mean,occupants~stddev
a1,"RM",81.29850,29.10980,3.99799E-01,1.43202E-01
a2,"RC",83.08230,27.90060,9.67804E-01,2.10344E-01
a3,"W",85.74770,27.90150,1.02836E+00,5.03652E-01
