asset_ref,taxonomy,lon,lat,structural~no_damage_mean,structural~no_damage_stdv,structural~LS1_mean,structural~LS1_stdv,structural~LS2_mean,structural~LS2_stdv
a1,"RM",81.29850,29.10980,2.913532E+03,1.171805E+02,8.579816E+01,1.158222E+02,6.695390E-01,1.378794E+00
a2,"RC",83.08230,27.90060,7.293911E+01,7.055458E+01,6.408713E+02,3.076859E+02,2.861896E+02,3.566923E+02
a3,"W",85.74770,27.90150,6.753912E+02,6.096552E+02,1.031445E+03,3.081306E+02,2.931643E+02,3.875013E+02
