# mean, investigation_time=1.0, imt="SA(0.1)"
lon,lat,depth,poe-0.1,poe-0.4,poe-0.6
0.00000,0.00000,-0.10000,5.868384E-01,2.530643E-01,1.332138E-01
