annual_frequency_of_exceedence,return_period,structural
1.00000E+00,1,7.39914E+05
5.00000E-01,2,4.83751E+06
