asset_ref,taxonomy,lon,lat,nonstructural~poe-0.1,structural~poe-0.1
a0,"RM",81.29850,29.10980,3.77066E+02,7.53450E+02
a1,"RC",83.08230,27.90060,6.58612E+01,2.80262E+02
a2,"W",85.74770,27.90150,7.32917E+01,5.90246E+02
a3,"RM",85.74770,27.90150,5.78525E+02,1.19662E+03
