asset_ref,taxonomy,lon,lat,nonstructural~poe-0.1,structural~poe-0.1
a0,"RM",81.29850,29.10980,4.57988E+02,9.80313E+02
a1,"RC",83.08230,27.90060,6.79571E+01,3.34947E+02
a2,"W",85.74770,27.90150,7.34460E+01,6.00617E+02
a3,"RM",85.74770,27.90150,5.87343E+02,1.38105E+03
